Here's an analysis of the provided error log, categorized by risk level for each tool.

---

### High Risk Issues

These errors indicate critical failures where essential development tools could not be executed at all, leading to a complete bypass of critical quality, security, and type-checking mechanisms. Addressing these should be the top priority.

*   **ESLint**
    *   **Relevant Files:** N/A (System-level issue)
    *   **Summary:** The `eslint` command was not recognized, preventing any static analysis or linting of JavaScript/TypeScript files. This means code quality, style consistency, and potential runtime errors in these languages are completely unchecked.
    *   **Actionable Advice:** Install ESLint globally or locally within the project, and ensure it's correctly added to the system's PATH environment variable or executed from a context where it's accessible (e.g., via `npx` or a package.json script).
*   **TSC (TypeScript Compiler)**
    *   **Relevant Files:** N/A (System-level issue)
    *   **Summary:** The `tsc` command (TypeScript compiler) was not recognized, preventing any TypeScript compilation or type checking. This bypasses the core benefits of TypeScript's type safety, potentially introducing runtime errors that should have been caught at compile time.
    *   **Actionable Advice:** Install TypeScript globally or locally within the project, and ensure `tsc` is correctly added to the system's PATH or executed from a context where it's accessible.

### Medium Risk Issues

These issues indicate that tools ran but found no relevant files to analyze. While not a direct execution failure, it implies that important code quality and security checks are not being performed if the project is intended to contain files for these languages.

*   **Pylint**
    *   **Relevant Files:** All Python files (e.g., `.py`)
    *   **Summary:** Pylint reported "No Python files" found. If the project contains Python code, this means no static code analysis, style enforcement, or basic bug detection was performed, potentially leading to lower code quality and maintainability issues.
    *   **Actionable Advice:** Verify that Python files exist in the expected directories and that Pylint is configured to scan those locations. If the project genuinely has no Python, this can be ignored.
*   **Bandit**
    *   **Relevant Files:** All Python files (e.g., `.py`)
    *   **Summary:** Bandit reported "No Python files" found. If the project contains Python code, this means no security vulnerability scanning was performed, leaving potential security flaws undetected.
    *   **Actionable Advice:** Verify that Python files exist in the expected directories and that Bandit is configured to scan those locations. If the project genuinely has no Python, this can be ignored.
*   **Semgrep**
    *   **Relevant Files:** All Python files (e.g., `.py`)
    *   **Summary:** Semgrep reported "No Python files" found. If the project contains Python code, this means no general static analysis (which can cover bugs, security, and style) was performed on it.
    *   **Actionable Advice:** Verify that Python files exist in the expected directories and that Semgrep is configured to scan those locations with appropriate rules. If the project genuinely has no Python, this can be ignored.

### Low Risk Issues

No low-risk errors were identified in the provided log. The "Cloning into 'Colab'..." message is an informational output, not an error.